// Jest Snapshot v1, https://goo.gl/fbAQLP

exports[`compile compile 1`] = `
"<template>
  <div class=\\"container\\">
    <slot></slot>
  </div>
</template>

<script lang=\\"ts\\">
var __decorate = (this && this.__decorate) || function (decorators, target, key, desc) {
    var c = arguments.length, r = c < 3 ? target : desc === null ? desc = Object.getOwnPropertyDescriptor(target, key) : desc, d;
    if (typeof Reflect === \\"object\\" && typeof Reflect.decorate === \\"function\\") r = Reflect.decorate(decorators, target, key, desc);
    else for (var i = decorators.length - 1; i >= 0; i--) if (d = decorators[i]) r = (c < 3 ? d(r) : c > 3 ? d(target, key, r) : d(target, key)) || r;
    return c > 3 && r && Object.defineProperty(target, key, r), r;
};
import { Component, Prop } from 'vue-property-decorator';
let Person = class Person {
    mounted() {
        this.persons = [];
    }
    addPerson(person) {
        this.persons.push(person);
    }
};
__decorate([
    Prop({ type: Array, default: () => [] })
], Person.prototype, \\"a\\", void 0);
__decorate([
    Prop({ type: Number, default: 0 })
], Person.prototype, \\"b\\", void 0);
Person = __decorate([
    Component
], Person);
export default Person;
</script>

<style lang=\\"scss\\">
.container {
  position: relative;
  width: 100%;
  height: 100%;
}
</style>
"
`;
